[Metronome] Beat #1 note=79 sample=2216025
[Metronome] Beat #2 note=71 sample=2249100
[Metronome] BPM=80 rounded=80 prev_rounded=0
[Metronome] Beat #3 note=83 sample=2282175 (DOWNBEAT) drift=0smp
[Metronome] BPM=80 rounded=80 prev_rounded=80
[Metronome] Beat #4 note=71 sample=2315250 drift=0smp
[Metronome] BPM=80 rounded=80 prev_rounded=80
[Metronome] Beat #5 note=71 sample=2348325 drift=0smp
[Metronome] BPM=80 rounded=80 prev_rounded=80
[Metronome] Beat #6 note=79 sample=2381400 drift=0smp
[Metronome] BPM=80 rounded=80 prev_rounded=80
[Metronome] Beat #7 note=71 sample=2414475 drift=0smp
[Metronome] BPM=80 rounded=80 prev_rounded=80
[Metronome] Beat #8 note=83 sample=2447550 (DOWNBEAT) drift=0smp
[Metronome] BPM=80 rounded=80 prev_rounded=80
[Metronome] Beat #9 note=71 sample=2480625 drift=0smp
[Metronome] BPM=80 rounded=80 prev_rounded=80
[Metronome] Beat #10 note=71 sample=2513700 drift=0smp
[Metronome] BPM=80 rounded=80 prev_rounded=80
[Metronome] Beat #11 note=79 sample=2546775 drift=0smp
[Metronome] BPM=80 rounded=80 prev_rounded=80
[Metronome] Beat #12 note=71 sample=2579850 drift=0smp
[Metronome] BPM=80 rounded=80 prev_rounded=80
[Metronome] Beat #13 note=83 sample=2612925 (DOWNBEAT) drift=0smp
[Metronome] BPM=80 rounded=80 prev_rounded=80
[Metronome] Beat #14 note=71 sample=2646000 drift=0smp
[Metronome] BPM=80 rounded=80 prev_rounded=80
[Metronome] Beat #15 note=71 sample=2679075 drift=0smp
[Metronome] BPM=80 rounded=80 prev_rounded=80
[Metronome] Beat #16 note=79 sample=2712150 drift=0smp
[Metronome] BPM=80 rounded=80 prev_rounded=80
[Metronome] Beat #17 note=71 sample=2745225 drift=0smp
[Metronome] BPM=80 rounded=80 prev_rounded=80
[Metronome] Beat #18 note=83 sample=2778300 (DOWNBEAT) drift=0smp
[Metronome] BPM=80 rounded=80 prev_rounded=80
[Metronome] Beat #19 note=71 sample=2811375 drift=0smp
[Metronome] BPM=80 rounded=80 prev_rounded=80
[Metronome] Beat #20 note=71 sample=2844450 drift=0smp
[Metronome] BPM=80 rounded=80 prev_rounded=80
[Metronome] Beat #21 note=79 sample=2877525 drift=0smp
[Metronome] BPM=80 rounded=80 prev_rounded=80
[Metronome] Beat #22 note=71 sample=2910600 drift=0smp
[Metronome] BPM=80 rounded=80 prev_rounded=80
[Metronome] Beat #23 note=83 sample=2943675 (DOWNBEAT) drift=0smp
[Metronome] BPM=80 rounded=80 prev_rounded=80
[Metronome] Beat #24 note=71 sample=2976750 drift=0smp
[Metronome] BPM=80 rounded=80 prev_rounded=80
[Metronome] Beat #25 note=71 sample=3009825 drift=0smp
[Metronome] BPM=80 rounded=80 prev_rounded=80
[Metronome] Beat #26 note=79 sample=3042900 drift=0smp
[Metronome] BPM=80 rounded=80 prev_rounded=80
[Metronome] Beat #1 note=83 sample=380 (DOWNBEAT)
[Metronome] Beat #2 note=79 sample=33075
[Metronome] BPM=80.9298 rounded=81 prev_rounded=0
[Metronome] Beat #3 note=79 sample=66150 drift=-380smp
[Metronome] BPM=80 rounded=80 prev_rounded=81
[Metronome] Tempo change: 80 BPM, 5/4 at sample 33075
[Metronome] Beat #4 note=79 sample=99225 drift=-380smp
[Metronome] BPM=80 rounded=80 prev_rounded=80
[Metronome] Beat #5 note=83 sample=132300 (DOWNBEAT) drift=-380smp
[Metronome] BPM=80 rounded=80 prev_rounded=80
[Metronome] Beat #6 note=79 sample=165375 drift=-380smp
[Metronome] BPM=80 rounded=80 prev_rounded=80
[Metronome] Beat #7 note=79 sample=198450 drift=-380smp
[Metronome] BPM=80 rounded=80 prev_rounded=80
[Metronome] Beat #8 note=79 sample=231525 drift=-380smp
[Metronome] BPM=80 rounded=80 prev_rounded=80
[Metronome] Beat #9 note=83 sample=264600 (DOWNBEAT) drift=-380smp
[Metronome] BPM=80 rounded=80 prev_rounded=80
[Metronome] Beat #10 note=79 sample=297675 drift=-380smp
[Metronome] BPM=80 rounded=80 prev_rounded=80
[Metronome] Beat #11 note=83 sample=330750 (DOWNBEAT) drift=-380smp
[Metronome] BPM=80 rounded=80 prev_rounded=80
[Metronome] Beat #12 note=79 sample=363825 drift=-380smp
[Metronome] BPM=80 rounded=80 prev_rounded=80
[Metronome] Beat #13 note=83 sample=396942 (DOWNBEAT) drift=-338smp
[Metronome] BPM=79.8985 rounded=80 prev_rounded=80
[Metronome] Beat #14 note=79 sample=429975 drift=-380smp
[Metronome] BPM=80.1017 rounded=80 prev_rounded=80
[Metronome] Beat #15 note=79 sample=463050 drift=-380smp
[Metronome] BPM=80 rounded=80 prev_rounded=80
[Metronome] Beat #16 note=83 sample=496125 (DOWNBEAT) drift=-380smp
[Metronome] BPM=80 rounded=80 prev_rounded=80
[Metronome] Beat #17 note=79 sample=529200 drift=-380smp
[Metronome] BPM=80 rounded=80 prev_rounded=80
[Metronome] Beat #18 note=79 sample=562275 drift=-380smp
[Metronome] BPM=80 rounded=80 prev_rounded=80
[Metronome] Beat #19 note=83 sample=595350 (DOWNBEAT) drift=-380smp
[Metronome] BPM=80 rounded=80 prev_rounded=80
[Metronome] Beat #20 note=79 sample=611887 drift=-16918smp
[Metronome] BPM=160.005 rounded=160 prev_rounded=80
[Metronome] Tempo change: 160 BPM, 3/4 at sample 595350
[Metronome] Beat #21 note=79 sample=628425 drift=-33455smp
[Metronome] BPM=159.995 rounded=160 prev_rounded=160
[Metronome] Beat #22 note=83 sample=644962 (DOWNBEAT) drift=-49993smp
[Metronome] BPM=160.005 rounded=160 prev_rounded=160
[Metronome] Beat #23 note=79 sample=661500 drift=-66530smp
[Metronome] BPM=159.995 rounded=160 prev_rounded=160
[Metronome] Beat #24 note=79 sample=678037 drift=-83068smp
[Metronome] BPM=160.005 rounded=160 prev_rounded=160
[Metronome] Beat #25 note=83 sample=694575 (DOWNBEAT) drift=-99605smp
[Metronome] BPM=159.995 rounded=160 prev_rounded=160
[Metronome] Beat #26 note=71 sample=711112 drift=-116143smp
[Metronome] BPM=160.005 rounded=160 prev_rounded=160
[Metronome] Beat #27 note=71 sample=727691 drift=-132639smp
[Metronome] BPM=159.599 rounded=160 prev_rounded=160
[Metronome] Beat #28 note=79 sample=744187 drift=-149218smp
[Metronome] BPM=160.403 rounded=160 prev_rounded=160
[Metronome] Beat #29 note=71 sample=760725 drift=-165755smp
[Metronome] BPM=159.995 rounded=160 prev_rounded=160
[Metronome] Beat #30 note=71 sample=777262 drift=-182293smp
[Metronome] BPM=160.005 rounded=160 prev_rounded=160
[Metronome] Beat #31 note=83 sample=793800 (DOWNBEAT) drift=-198830smp
[Metronome] BPM=159.995 rounded=160 prev_rounded=160
[Metronome] Beat #32 note=71 sample=810337 drift=-215368smp
[Metronome] BPM=160.005 rounded=160 prev_rounded=160
[Metronome] Beat #33 note=71 sample=826875 drift=-231905smp
[Metronome] BPM=159.995 rounded=160 prev_rounded=160
[Metronome] Beat #34 note=79 sample=843412 drift=-248443smp
[Metronome] BPM=160.005 rounded=160 prev_rounded=160
[Metronome] Beat #35 note=71 sample=859950 drift=-264980smp
[Metronome] BPM=159.995 rounded=160 prev_rounded=160
[Metronome] Beat #36 note=71 sample=876487 drift=-281518smp
[Metronome] BPM=160.005 rounded=160 prev_rounded=160
[Metronome] Beat #37 note=83 sample=893025 (DOWNBEAT) drift=-298055smp
[Metronome] BPM=159.995 rounded=160 prev_rounded=160
[Metronome] Beat #38 note=71 sample=909562 drift=-314593smp
[Metronome] BPM=160.005 rounded=160 prev_rounded=160
[Metronome] Beat #39 note=71 sample=926100 drift=-331130smp
[Metronome] BPM=159.995 rounded=160 prev_rounded=160
[Metronome] Beat #40 note=79 sample=942637 drift=-347668smp
[Metronome] BPM=160.005 rounded=160 prev_rounded=160
[Metronome] Beat #41 note=71 sample=959175 drift=-364205smp
[Metronome] BPM=159.995 rounded=160 prev_rounded=160
[Metronome] Beat #42 note=71 sample=975712 drift=-380743smp
[Metronome] BPM=160.005 rounded=160 prev_rounded=160
[Metronome] Beat #43 note=79 sample=992250 drift=-397280smp
[Metronome] BPM=159.995 rounded=160 prev_rounded=160
[Metronome] Beat #44 note=71 sample=1008787 drift=-413818smp
[Metronome] BPM=160.005 rounded=160 prev_rounded=160
[Metronome] Beat #45 note=71 sample=1025325 drift=-430355smp
[Metronome] BPM=159.995 rounded=160 prev_rounded=160
[Metronome] Beat #46 note=79 sample=1041862 drift=-446893smp
[Metronome] BPM=160.005 rounded=160 prev_rounded=160
[Metronome] Beat #47 note=71 sample=1058400 drift=-463430smp
[Metronome] BPM=159.995 rounded=160 prev_rounded=160
[Metronome] Beat #48 note=71 sample=1074937 drift=-479968smp
[Metronome] BPM=160.005 rounded=160 prev_rounded=160
[Metronome] Beat #49 note=83 sample=1091475 (DOWNBEAT) drift=-496505smp
[Metronome] BPM=159.995 rounded=160 prev_rounded=160
[Metronome] Beat #50 note=71 sample=1108012 drift=-513043smp
[Metronome] BPM=160.005 rounded=160 prev_rounded=160
[Metronome] Beat #51 note=71 sample=1124550 drift=-529580smp
[Metronome] BPM=159.995 rounded=160 prev_rounded=160
[Metronome] Beat #52 note=79 sample=1141087 drift=-546118smp
[Metronome] BPM=160.005 rounded=160 prev_rounded=160
[Metronome] Beat #53 note=71 sample=1157625 drift=-562655smp
[Metronome] BPM=159.995 rounded=160 prev_rounded=160
[Metronome] Beat #54 note=71 sample=1174162 drift=-579193smp
[Metronome] BPM=160.005 rounded=160 prev_rounded=160
[Metronome] Beat #55 note=79 sample=1190700 drift=-595730smp
[Metronome] BPM=159.995 rounded=160 prev_rounded=160
[Metronome] Beat #56 note=71 sample=1207237 drift=-612268smp
[Metronome] BPM=160.005 rounded=160 prev_rounded=160
[Metronome] Beat #57 note=71 sample=1223775 drift=-628805smp
[Metronome] BPM=159.995 rounded=160 prev_rounded=160
[Metronome] Beat #58 note=79 sample=1240312 drift=-645343smp
[Metronome] BPM=160.005 rounded=160 prev_rounded=160
[Metronome] Beat #59 note=71 sample=1256850 drift=-661880smp
[Metronome] BPM=159.995 rounded=160 prev_rounded=160
[Metronome] Beat #60 note=71 sample=1273387 drift=-678418smp
[Metronome] BPM=160.005 rounded=160 prev_rounded=160
[Metronome] Beat #61 note=83 sample=1289925 (DOWNBEAT) drift=-694955smp
[Metronome] BPM=159.995 rounded=160 prev_rounded=160
[Metronome] Beat #62 note=71 sample=1323000 drift=-694955smp
[Metronome] BPM=80 rounded=80 prev_rounded=160
[Metronome] Tempo change: 80 BPM, 12/4 at sample 1289925
[Metronome] Beat #63 note=71 sample=1356075 drift=-694955smp
[Metronome] BPM=80 rounded=80 prev_rounded=80
[Metronome] Beat #64 note=79 sample=1389151 drift=-694954smp
[Metronome] BPM=79.9976 rounded=80 prev_rounded=80
[Metronome] Beat #65 note=71 sample=1422225 drift=-694955smp
[Metronome] BPM=80.0024 rounded=80 prev_rounded=80
[Metronome] Beat #66 note=83 sample=1455300 (DOWNBEAT) drift=-694955smp
[Metronome] BPM=80 rounded=80 prev_rounded=80
[Metronome] Beat #67 note=71 sample=1488375 drift=-694955smp
[Metronome] BPM=80 rounded=80 prev_rounded=80
[Metronome] Beat #68 note=71 sample=1521450 drift=-694955smp
[Metronome] BPM=80 rounded=80 prev_rounded=80
[Metronome] Beat #69 note=79 sample=1554525 drift=-694955smp
[Metronome] BPM=80 rounded=80 prev_rounded=80
[Metronome] Beat #70 note=71 sample=1587600 drift=-694955smp
[Metronome] BPM=80 rounded=80 prev_rounded=80
[Metronome] Beat #71 note=83 sample=1620675 (DOWNBEAT) drift=-694955smp
[Metronome] BPM=80 rounded=80 prev_rounded=80
[Metronome] Beat #72 note=71 sample=1653750 drift=-694955smp
[Metronome] BPM=80 rounded=80 prev_rounded=80
[Metronome] Beat #73 note=71 sample=1686825 drift=-694955smp
[Metronome] BPM=80 rounded=80 prev_rounded=80
[Metronome] Beat #74 note=79 sample=1719900 drift=-694955smp
[Metronome] BPM=80 rounded=80 prev_rounded=80
[Metronome] Beat #75 note=71 sample=1752975 drift=-694955smp
[Metronome] BPM=80 rounded=80 prev_rounded=80
[Metronome] Beat #76 note=83 sample=1786050 (DOWNBEAT) drift=-694955smp
[Metronome] BPM=80 rounded=80 prev_rounded=80
[Metronome] Beat #77 note=71 sample=1819125 drift=-694955smp
[Metronome] BPM=80 rounded=80 prev_rounded=80
[Metronome] Beat #78 note=71 sample=1852200 drift=-694955smp
[Metronome] BPM=80 rounded=80 prev_rounded=80
[Metronome] Beat #79 note=79 sample=1885275 drift=-694955smp
[Metronome] BPM=80 rounded=80 prev_rounded=80
[Metronome] Beat #80 note=71 sample=1918350 drift=-694955smp
[Metronome] BPM=80 rounded=80 prev_rounded=80
[Metronome] Beat #81 note=83 sample=1951425 (DOWNBEAT) drift=-694955smp
[Metronome] BPM=80 rounded=80 prev_rounded=80
[Metronome] Beat #82 note=71 sample=1984500 drift=-694955smp
[Metronome] BPM=80 rounded=80 prev_rounded=80
[Metronome] Beat #83 note=71 sample=2017575 drift=-694955smp
[Metronome] BPM=80 rounded=80 prev_rounded=80
[Metronome] Beat #84 note=79 sample=2050650 drift=-694955smp
[Metronome] BPM=80 rounded=80 prev_rounded=80
[Metronome] Beat #85 note=71 sample=2083725 drift=-694955smp
[Metronome] BPM=80 rounded=80 prev_rounded=80
[Metronome] Beat #86 note=83 sample=2116800 (DOWNBEAT) drift=-694955smp
[Metronome] BPM=80 rounded=80 prev_rounded=80
[Metronome] Beat #87 note=71 sample=2149875 drift=-694955smp
[Metronome] BPM=80 rounded=80 prev_rounded=80
[Metronome] Beat #88 note=71 sample=2182950 drift=-694955smp
[Metronome] BPM=80 rounded=80 prev_rounded=80
[Metronome] Beat #89 note=79 sample=2216025 drift=-694955smp
[Metronome] BPM=80 rounded=80 prev_rounded=80
[Metronome] Beat #90 note=71 sample=2249100 drift=-694955smp
[Metronome] BPM=80 rounded=80 prev_rounded=80
[Metronome] Beat #91 note=83 sample=2282175 (DOWNBEAT) drift=-694955smp
[Metronome] BPM=80 rounded=80 prev_rounded=80
[Metronome] Beat #92 note=71 sample=2315250 drift=-694955smp
[Metronome] BPM=80 rounded=80 prev_rounded=80
[Metronome] Beat #93 note=71 sample=2348325 drift=-694955smp
[Metronome] BPM=80 rounded=80 prev_rounded=80
[Metronome] Beat #94 note=79 sample=2381400 drift=-694955smp
[Metronome] BPM=80 rounded=80 prev_rounded=80
[Metronome] Beat #95 note=71 sample=2414475 drift=-694955smp
[Metronome] BPM=80 rounded=80 prev_rounded=80
[Metronome] Beat #96 note=83 sample=2447550 (DOWNBEAT) drift=-694955smp
[Metronome] BPM=80 rounded=80 prev_rounded=80
[Metronome] Beat #97 note=71 sample=2480625 drift=-694955smp
[Metronome] BPM=80 rounded=80 prev_rounded=80
[Metronome] Beat #98 note=71 sample=2513700 drift=-694955smp
[Metronome] BPM=80 rounded=80 prev_rounded=80
[Metronome] Beat #99 note=79 sample=2546775 drift=-694955smp
[Metronome] BPM=80 rounded=80 prev_rounded=80
[Metronome] Beat #100 note=71 sample=2579850 drift=-694955smp
[Metronome] BPM=80 rounded=80 prev_rounded=80
[Metronome] Beat #101 note=83 sample=2612925 (DOWNBEAT) drift=-694955smp
[Metronome] BPM=80 rounded=80 prev_rounded=80
[Metronome] Beat #102 note=71 sample=2646000 drift=-694955smp
[Metronome] BPM=80 rounded=80 prev_rounded=80
[Metronome] Beat #103 note=71 sample=2679075 drift=-694955smp
[Metronome] BPM=80 rounded=80 prev_rounded=80
[Metronome] Beat #104 note=79 sample=2712150 drift=-694955smp
[Metronome] BPM=80 rounded=80 prev_rounded=80
[Metronome] Beat #105 note=71 sample=2745225 drift=-694955smp
[Metronome] BPM=80 rounded=80 prev_rounded=80
[Metronome] Beat #106 note=83 sample=2778300 (DOWNBEAT) drift=-694955smp
[Metronome] BPM=80 rounded=80 prev_rounded=80
[Metronome] Beat #107 note=71 sample=2811375 drift=-694955smp
[Metronome] BPM=80 rounded=80 prev_rounded=80
[Metronome] Beat #108 note=71 sample=2844450 drift=-694955smp
[Metronome] BPM=80 rounded=80 prev_rounded=80
[Metronome] Beat #109 note=79 sample=2877525 drift=-694955smp
[Metronome] BPM=80 rounded=80 prev_rounded=80
[Metronome] Beat #110 note=71 sample=2910600 drift=-694955smp
[Metronome] BPM=80 rounded=80 prev_rounded=80
[Metronome] Beat #111 note=83 sample=2943718 (DOWNBEAT) drift=-694912smp
[Metronome] BPM=79.8961 rounded=80 prev_rounded=80
[Metronome] Beat #112 note=71 sample=2976750 drift=-694955smp
[Metronome] BPM=80.1041 rounded=80 prev_rounded=80
[Metronome] Beat #113 note=71 sample=3009825 drift=-694955smp
[Metronome] BPM=80 rounded=80 prev_rounded=80
[Metronome] Beat #114 note=79 sample=3042900 drift=-694955smp
[Metronome] BPM=80 rounded=80 prev_rounded=80
[Metronome] Beat #115 note=71 sample=3075975 drift=-694955smp
[Metronome] BPM=80 rounded=80 prev_rounded=80
[Metronome] Beat #116 note=83 sample=3109050 (DOWNBEAT) drift=-694955smp
[Metronome] BPM=80 rounded=80 prev_rounded=80
[Metronome] Beat #117 note=71 sample=3142125 drift=-694955smp
[Metronome] BPM=80 rounded=80 prev_rounded=80
[Metronome] Beat #118 note=71 sample=3175200 drift=-694955smp
[Metronome] BPM=80 rounded=80 prev_rounded=80
[Metronome] Beat #119 note=79 sample=3208275 drift=-694955smp
[Metronome] BPM=80 rounded=80 prev_rounded=80
[Metronome] Beat #120 note=71 sample=3241350 drift=-694955smp
[Metronome] BPM=80 rounded=80 prev_rounded=80
[Metronome] Beat #121 note=83 sample=3274425 (DOWNBEAT) drift=-694955smp
[Metronome] BPM=80 rounded=80 prev_rounded=80
[Metronome] Beat #122 note=71 sample=3307500 drift=-694955smp
[Metronome] BPM=80 rounded=80 prev_rounded=80
[Metronome] Beat #123 note=71 sample=3340575 drift=-694955smp
[Metronome] BPM=80 rounded=80 prev_rounded=80
[Metronome] Beat #124 note=79 sample=3373650 drift=-694955smp
[Metronome] BPM=80 rounded=80 prev_rounded=80
[Metronome] Beat #125 note=71 sample=3406725 drift=-694955smp
[Metronome] BPM=80 rounded=80 prev_rounded=80
[Metronome] Beat #126 note=83 sample=3439800 (DOWNBEAT) drift=-694955smp
[Metronome] BPM=80 rounded=80 prev_rounded=80
[Metronome] Beat #127 note=71 sample=3472875 drift=-694955smp
[Metronome] BPM=80 rounded=80 prev_rounded=80
[Metronome] Beat #128 note=71 sample=3505950 drift=-694955smp
[Metronome] BPM=80 rounded=80 prev_rounded=80
[Metronome] Beat #129 note=79 sample=3539025 drift=-694955smp
[Metronome] BPM=80 rounded=80 prev_rounded=80
[Metronome] Beat #130 note=71 sample=3572100 drift=-694955smp
[Metronome] BPM=80 rounded=80 prev_rounded=80
[Metronome] Beat #131 note=83 sample=3605175 (DOWNBEAT) drift=-694955smp
[Metronome] BPM=80 rounded=80 prev_rounded=80
[Metronome] Beat #132 note=71 sample=3638250 drift=-694955smp
[Metronome] BPM=80 rounded=80 prev_rounded=80
[Metronome] Beat #133 note=71 sample=3671325 drift=-694955smp
[Metronome] BPM=80 rounded=80 prev_rounded=80
[Metronome] Beat #134 note=79 sample=3704400 drift=-694955smp
[Metronome] BPM=80 rounded=80 prev_rounded=80
[Metronome] Beat #135 note=71 sample=3737475 drift=-694955smp
[Metronome] BPM=80 rounded=80 prev_rounded=80
[Metronome] Beat #136 note=83 sample=3770550 (DOWNBEAT) drift=-694955smp
[Metronome] BPM=80 rounded=80 prev_rounded=80
[Metronome] Beat #137 note=71 sample=3803625 drift=-694955smp
[Metronome] BPM=80 rounded=80 prev_rounded=80
[Metronome] Beat #138 note=71 sample=3836700 drift=-694955smp
[Metronome] BPM=80 rounded=80 prev_rounded=80
[Metronome] Beat #139 note=79 sample=3869775 drift=-694955smp
[Metronome] BPM=80 rounded=80 prev_rounded=80
[Metronome] Beat #140 note=71 sample=3902850 drift=-694955smp
[Metronome] BPM=80 rounded=80 prev_rounded=80
[Metronome] Beat #141 note=83 sample=3935925 (DOWNBEAT) drift=-694955smp
[Metronome] BPM=80 rounded=80 prev_rounded=80
[Metronome] Beat #142 note=71 sample=3969000 drift=-694955smp
[Metronome] BPM=80 rounded=80 prev_rounded=80
[Metronome] Beat #143 note=71 sample=4002075 drift=-694955smp
[Metronome] BPM=80 rounded=80 prev_rounded=80
[Metronome] Beat #144 note=79 sample=4035150 drift=-694955smp
[Metronome] BPM=80 rounded=80 prev_rounded=80
[Metronome] Beat #145 note=71 sample=4068225 drift=-694955smp
[Metronome] BPM=80 rounded=80 prev_rounded=80
[Metronome] Beat #146 note=83 sample=4101300 (DOWNBEAT) drift=-694955smp
[Metronome] BPM=80 rounded=80 prev_rounded=80
[Metronome] Beat #147 note=71 sample=4134375 drift=-694955smp
[Metronome] BPM=80 rounded=80 prev_rounded=80
[Metronome] Beat #148 note=71 sample=4167450 drift=-694955smp
[Metronome] BPM=80 rounded=80 prev_rounded=80
[Metronome] Beat #149 note=79 sample=4200525 drift=-694955smp
[Metronome] BPM=80 rounded=80 prev_rounded=80
[Metronome] Beat #150 note=71 sample=4233600 drift=-694955smp
[Metronome] BPM=80 rounded=80 prev_rounded=80
[Metronome] Beat #151 note=83 sample=4266675 (DOWNBEAT) drift=-694955smp
[Metronome] BPM=80 rounded=80 prev_rounded=80
[Metronome] Beat #152 note=71 sample=4299750 drift=-694955smp
[Metronome] BPM=80 rounded=80 prev_rounded=80
[Metronome] Beat #153 note=71 sample=4332825 drift=-694955smp
[Metronome] BPM=80 rounded=80 prev_rounded=80
[Metronome] Beat #154 note=79 sample=4365900 drift=-694955smp
[Metronome] BPM=80 rounded=80 prev_rounded=80
[Metronome] Beat #155 note=71 sample=4398975 drift=-694955smp
[Metronome] BPM=80 rounded=80 prev_rounded=80
[Metronome] Beat #156 note=83 sample=4432050 (DOWNBEAT) drift=-694955smp
[Metronome] BPM=80 rounded=80 prev_rounded=80
[Metronome] Beat #157 note=71 sample=4465125 drift=-694955smp
[Metronome] BPM=80 rounded=80 prev_rounded=80
[Metronome] Beat #158 note=71 sample=4498200 drift=-694955smp
[Metronome] BPM=80 rounded=80 prev_rounded=80
[Metronome] Beat #159 note=79 sample=4531275 drift=-694955smp
[Metronome] BPM=80 rounded=80 prev_rounded=80
[Metronome] Beat #160 note=71 sample=4564350 drift=-694955smp
[Metronome] BPM=80 rounded=80 prev_rounded=80
[Metronome] Beat #161 note=83 sample=4597425 (DOWNBEAT) drift=-694955smp
[Metronome] BPM=80 rounded=80 prev_rounded=80
[Metronome] Beat #162 note=71 sample=4630500 drift=-694955smp
[Metronome] BPM=80 rounded=80 prev_rounded=80
[Metronome] Beat #163 note=71 sample=4663575 drift=-694955smp
[Metronome] BPM=80 rounded=80 prev_rounded=80
[Metronome] Beat #164 note=79 sample=4696650 drift=-694955smp
[Metronome] BPM=80 rounded=80 prev_rounded=80
[Metronome] Beat #165 note=71 sample=4729725 drift=-694955smp
[Metronome] BPM=80 rounded=80 prev_rounded=80
[Metronome] Beat #166 note=83 sample=4762800 (DOWNBEAT) drift=-694955smp
[Metronome] BPM=80 rounded=80 prev_rounded=80
[Metronome] Beat #167 note=71 sample=4795875 drift=-694955smp
[Metronome] BPM=80 rounded=80 prev_rounded=80
[Metronome] Beat #168 note=71 sample=4828950 drift=-694955smp
[Metronome] BPM=80 rounded=80 prev_rounded=80
[Metronome] Beat #169 note=79 sample=4862025 drift=-694955smp
[Metronome] BPM=80 rounded=80 prev_rounded=80
[Metronome] Beat #170 note=71 sample=4895100 drift=-694955smp
[Metronome] BPM=80 rounded=80 prev_rounded=80
[Metronome] Beat #171 note=83 sample=4928184 (DOWNBEAT) drift=-694946smp
[Metronome] BPM=79.9782 rounded=80 prev_rounded=80
[Metronome] Beat #172 note=71 sample=4961250 drift=-694955smp
[Metronome] BPM=80.0218 rounded=80 prev_rounded=80
[Metronome] Beat #173 note=71 sample=4994325 drift=-694955smp
[Metronome] BPM=80 rounded=80 prev_rounded=80
[Metronome] Beat #174 note=79 sample=5027400 drift=-694955smp
[Metronome] BPM=80 rounded=80 prev_rounded=80
[Metronome] Beat #175 note=71 sample=5060475 drift=-694955smp
[Metronome] BPM=80 rounded=80 prev_rounded=80
[Metronome] Beat #176 note=83 sample=5093550 (DOWNBEAT) drift=-694955smp
[Metronome] BPM=80 rounded=80 prev_rounded=80
[Metronome] Beat #177 note=71 sample=5126625 drift=-694955smp
[Metronome] BPM=80 rounded=80 prev_rounded=80
[Metronome] Beat #178 note=71 sample=5159700 drift=-694955smp
[Metronome] BPM=80 rounded=80 prev_rounded=80
[Metronome] Beat #179 note=79 sample=5192775 drift=-694955smp
[Metronome] BPM=80 rounded=80 prev_rounded=80
[Metronome] Beat #180 note=71 sample=5225850 drift=-694955smp
[Metronome] BPM=80 rounded=80 prev_rounded=80
[Metronome] Beat #181 note=83 sample=5258925 (DOWNBEAT) drift=-694955smp
[Metronome] BPM=80 rounded=80 prev_rounded=80
[Metronome] Beat #182 note=71 sample=5292000 drift=-694955smp
[Metronome] BPM=80 rounded=80 prev_rounded=80
[Metronome] Beat #183 note=71 sample=5325075 drift=-694955smp
[Metronome] BPM=80 rounded=80 prev_rounded=80
[Metronome] Beat #184 note=79 sample=5358150 drift=-694955smp
[Metronome] BPM=80 rounded=80 prev_rounded=80
[Metronome] Beat #185 note=71 sample=5391225 drift=-694955smp
[Metronome] BPM=80 rounded=80 prev_rounded=80
[Metronome] Beat #186 note=83 sample=5424300 (DOWNBEAT) drift=-694955smp
[Metronome] BPM=80 rounded=80 prev_rounded=80
[Metronome] Beat #187 note=71 sample=5457375 drift=-694955smp
[Metronome] BPM=80 rounded=80 prev_rounded=80
[Metronome] Beat #188 note=71 sample=5490450 drift=-694955smp
[Metronome] BPM=80 rounded=80 prev_rounded=80
[Metronome] Beat #189 note=79 sample=5523535 drift=-694945smp
[Metronome] BPM=79.9758 rounded=80 prev_rounded=80
[Metronome] Beat #190 note=71 sample=5556600 drift=-694955smp
[Metronome] BPM=80.0242 rounded=80 prev_rounded=80
[Metronome] Beat #191 note=83 sample=5589675 (DOWNBEAT) drift=-694955smp
[Metronome] BPM=80 rounded=80 prev_rounded=80
[Metronome] Beat #192 note=71 sample=5622750 drift=-694955smp
[Metronome] BPM=80 rounded=80 prev_rounded=80
[Metronome] Beat #193 note=71 sample=5655825 drift=-694955smp
[Metronome] BPM=80 rounded=80 prev_rounded=80
[Metronome] Beat #194 note=79 sample=5688900 drift=-694955smp
[Metronome] BPM=80 rounded=80 prev_rounded=80
[Metronome] Beat #195 note=71 sample=5721975 drift=-694955smp
[Metronome] BPM=80 rounded=80 prev_rounded=80
[Metronome] Beat #196 note=83 sample=5755050 (DOWNBEAT) drift=-694955smp
[Metronome] BPM=80 rounded=80 prev_rounded=80
[Metronome] Beat #197 note=71 sample=5788125 drift=-694955smp
[Metronome] BPM=80 rounded=80 prev_rounded=80
[Metronome] Beat #198 note=71 sample