JUCE v8.0.12
[FiddleDB] Opened: /Users/mhc/Library/Application Support/Fiddle/fiddle.db
[WebView] Navigating to: juce://juce.backend/index.html
JsTestBridge: Listening on port 9223
[ExpressionMapLibrary] Scanning: /Users/mhc/Library/Application Support/Steinberg/Dorico 5/DefaultLibraryAdditions
[ExpressionMapLibrary] Scanning: /Users/mhc/Library/Application Support/Steinberg/Dorico 6/DefaultLibraryAdditions
[ExpressionMapLibrary] Total: 43 expression maps indexed
[InstrumentBrowser] Found instruments.xml in Dorico 6: /Applications/Dorico 6.app/Contents/Resources/instruments.xml
[InstrumentBrowser] Parsed 624 instruments
[Scripting] Loading script: /Users/mhc/fiddle/build/FiddleServer_artefacts/Debug/FiddleServer.app/Contents/MacOS/scripts/default_fiddle.as
[ExpressionMap] MEG 'Attack' -> CC104 (3 techniques, defaults: 64)
[ExpressionMap] MEG 'Legato' -> CC103 (2 techniques, defaults: 0)
[ExpressionMap] MEG 'Bow Direction' -> CC105 (3 techniques, defaults: 0)
[ExpressionMap] MEG 'Vibrato' -> CC106 (4 techniques, defaults: 64)
[ExpressionMap] MEG 'Mute' -> CC107 (2 techniques, defaults: 0)
[ExpressionMap] MEG 'Playing Position' -> CC108 (4 techniques, defaults: 0)
[ExpressionMap] MEG 'Tremolo' -> CC110 (3 techniques, defaults: 0)
[ExpressionMap] MEG 'Technique' -> CC111 (7 techniques, defaults: 0)
[ExpressionMap] MEG 'Gliss/Port' -> CC112 (3 techniques, defaults: 0)
[ExpressionMap] MEG 'Arpeggios' -> CC113 (3 techniques, defaults: 0)
[ExpressionMap] MEG 'Harmonics' -> CC109 (4 techniques, defaults: 0)
[ExpressionMap] Base switch CC102=0 (Natural) dynamics=CC1
[ExpressionMap] Base switch CC102=2 (Staccato) dynamics=velocity
[ExpressionMap] Base switch CC102=1 (Staccatissimo) dynamics=velocity
[ExpressionMap] Base switch CC102=4 (Tenuto) dynamics=CC1
[ExpressionMap] Base switch CC102=3 (Staccato+Tenuto) dynamics=CC1
[ExpressionMap] Articulation -> CC102 (5 techniques)
[ExpressionMap] Loaded 12 dimensions from Fiddle_Universal.doricolib
MidiTcpServer: Listening on port 5252
[FiddleDB] Opened: /Users/mhc/Library/Application Support/Fiddle/fiddle.db
[MainComponent] VersionStore loaded (3 branches)
[DebugWindow] Loaded settings: visible=false
[Startup] Auto-scanning for VST3 plugins...
[MasterList] Loaded 27 instrument slots from JSON (49 total channels)
[FiddleDB] Saved 49 channel assignments
[Startup] Auto-scanning for VST3 plugins...
[MainComponent] Restored version: 2026-03-12T19:02:36.743-07:00
[StateSharedMemory] Producer: /Users/mhc/Library/Caches/Fiddle/fiddle_state.bin
[StateManager] Initialized
[MainComponent] Loaded 1 listener-capable plugin UIDs from DB
[FiddleDB] Loaded 10 plugin cache entries
[loadDB] Restored 10 plugins from plugin_cache table
[FiddleDB] Loaded 52 strips
[MainComponent] Loaded 52 strips from SQLite
[FiddleDB] Loaded 10 plugin cache entries
[MasterList] Channel map sorted: 49 entries (port/channel ascending)
[2026-03-13 11:51:28.305] [info] Uploading usage data
Creating logging directory at /Users/mhc/Library/Application Support/VSL/Vienna Synchron Player/logs
-------------------------------------------------------------
Trying to create log file log.txt
at path /Users/mhc/Library/Application Support/VSL/Vienna Synchron Player/logs/log.txt
-------------------------------------------------------------
MidiTcpServer: Client connected from 127.0.0.1
[MidiTcpServer] Parsed Protobuf event of type 15
[NoteStreamTracker] processEvent: Case=15 Ch=0
[MixerStrip 447ba59e58074ff38ccd4b0056733b43] Loaded (Async): Vienna Synchron Player
[MixerStrip 51c1a3e3d96e45ccaefa5aa21b3aeb13] Loaded (Async): Vienna Synchron Player
[MixerStrip ae9ff87e643f4d6987c6763317c190ed] Loaded (Async): Vienna Synchron Player
[MixerStrip 201a64aca88041d2b2ad4a0e31b98a1b] Loaded (Async): Vienna Synchron Player
[MixerStrip 1f0046b2cfe048fca24c4b312c1a56fa] Loaded (Async): Vienna Synchron Player
[MixerStrip 9f7fa030f31e4563bd38ffce0a1c2e37] Loaded (Async): Vienna Synchron Player
[Startup] Plugin scan complete: 10 plugins found
[StateManager] Built blob: 254252 bytes, 52 strips
[StateManager] Built blob: 254252 bytes, 52 strips
[WebView] getResource: / -> /Users/mhc/fiddle/build/FiddleServer_artefacts/Debug/FiddleServer.app/Contents/MacOS/ui/index.html (FOUND)
[WebView] getResource: /index.html -> /Users/mhc/fiddle/build/FiddleServer_artefacts/Debug/FiddleServer.app/Contents/MacOS/ui/index.html (FOUND)
[WebView] getResource: /assets/index-BoRKVNLO.js -> /Users/mhc/fiddle/build/FiddleServer_artefacts/Debug/FiddleServer.app/Contents/MacOS/ui/assets/index-BoRKVNLO.js (FOUND)
[WebView] getResource: /assets/index-BoRKVNLO.js -> /Users/mhc/fiddle/build/FiddleServer_artefacts/Debug/FiddleServer.app/Contents/MacOS/ui/assets/index-BoRKVNLO.js (FOUND)
[WebView] getResource: /assets/index-CmVZmz8h.css -> /Users/mhc/fiddle/build/FiddleServer_artefacts/Debug/FiddleServer.app/Contents/MacOS/ui/assets/index-CmVZmz8h.css (FOUND)
[WebView] getResource: /assets/index-CmVZmz8h.css -> /Users/mhc/fiddle/build/FiddleServer_artefacts/Debug/FiddleServer.app/Contents/MacOS/ui/assets/index-CmVZmz8h.css (FOUND)
[Debug JS] JS Booting: Bundle loaded
[JS NativeLog] JS Booting: Bundle loaded
[DebugWindow] signalReady fired
[WebView] Handshake: Main window ready
[MasterList] Channel map sorted: 49 entries (port/channel ascending)
[MasterList] Channel map sorted: 49 entries (port/channel ascending)
[JS NativeLog] [JS Error] ReferenceError: Can't find variable: setPlaybackDelay at 1:17
[JS NativeLog] [JS Error] ReferenceError: Can't find variable: setAvailableInputs at 1:19
[JS NativeLog] [JS Error] ReferenceError: Can't find variable: setExpressionMaps at 1:18
JsTestBridge: Client connected from 127.0.0.1
JsTestBridge: Client connected from 127.0.0.1
[MainComponent] Destructor Invoked. Saving to SQLite...
[MainComponent] State saved successfully to SQLite (default)
MidiTcpServer: Client disconnected or error reading header
MidiTcpServer: Connection closed
JUCE Assertion failure in juce_MenuBarModel.cpp:78
JUCE Assertion failure in juce_Singleton.h:86
